// Jest Snapshot v1, https://goo.gl/fbAQLP

exports[`@/components/patients/patients-card should render patients card correctly 1`] = `
<div>
  <form>
    <div
      class="MuiPaper-root MuiCard-root WithStyles(ForwardRef(Card))-root-1 WithStyles(ForwardRef(Card))-root-2 MuiPaper-outlined MuiPaper-rounded"
    >
      <p
        class="MuiTypography-root WithStyles(ForwardRef(Typography))-root-3 WithStyles(ForwardRef(Typography))-root-4 MuiTypography-body1"
      >
        <b
          class="title"
        >
          Name
          : 
        </b>
        ahmed
      </p>
      <hr
        class="MuiDivider-root"
      />
      <p
        class="MuiTypography-root WithStyles(ForwardRef(Typography))-root-3 WithStyles(ForwardRef(Typography))-root-5 MuiTypography-body1"
      >
        <b
          class="title"
        >
          Age
          : 
        </b>
        10
      </p>
      <hr
        class="MuiDivider-root"
      />
      <p
        class="MuiTypography-root WithStyles(ForwardRef(Typography))-root-3 WithStyles(ForwardRef(Typography))-root-6 MuiTypography-body1"
      >
        <b
          class="title"
        >
          Phone
          : 
        </b>
        0123456789
      </p>
      <hr
        class="MuiDivider-root"
      />
      <p
        class="MuiTypography-root WithStyles(ForwardRef(Typography))-root-3 WithStyles(ForwardRef(Typography))-root-7 MuiTypography-body1"
      >
        <b
          class="title"
        >
          Address
          : 
        </b>
        
      </p>
      <hr
        class="MuiDivider-root"
      />
      <p
        class="MuiTypography-root WithStyles(ForwardRef(Typography))-root-3 WithStyles(ForwardRef(Typography))-root-8 MuiTypography-body1"
      >
        <b
          class="title"
        >
          HealthInfo
          : 
        </b>
        bla bla bla
      </p>
      <hr
        class="MuiDivider-root"
      />
      <div
        class="MuiCardActions-root MuiCardActions-spacing"
        style="justify-content: flex-end;"
      >
        <button
          aria-label="edit"
          class="MuiButtonBase-root MuiIconButton-root"
          tabindex="0"
          type="button"
        >
          <span
            class="MuiIconButton-label"
          >
            <svg
              aria-hidden="true"
              class="MuiSvgIcon-root"
              focusable="false"
              viewBox="0 0 24 24"
            >
              <path
                d="M3 17.25V21h3.75L17.81 9.94l-3.75-3.75L3 17.25zM20.71 7.04c.39-.39.39-1.02 0-1.41l-2.34-2.34a.9959.9959 0 00-1.41 0l-1.83 1.83 3.75 3.75 1.83-1.83z"
              />
            </svg>
          </span>
          <span
            class="MuiTouchRipple-root"
          />
        </button>
        <button
          aria-label="delete"
          class="MuiButtonBase-root MuiIconButton-root"
          tabindex="0"
          type="button"
        >
          <span
            class="MuiIconButton-label"
          >
            <svg
              aria-hidden="true"
              class="MuiSvgIcon-root MuiSvgIcon-colorError"
              focusable="false"
              viewBox="0 0 24 24"
            >
              <path
                d="M6 19c0 1.1.9 2 2 2h8c1.1 0 2-.9 2-2V7H6v12zM19 4h-3.5l-1-1h-5l-1 1H5v2h14V4z"
              />
            </svg>
          </span>
          <span
            class="MuiTouchRipple-root"
          />
        </button>
      </div>
    </div>
  </form>
</div>
`;

exports[`renders learn react link 1`] = `
<div>
  <form>
    <div
      class="MuiPaper-root MuiCard-root WithStyles(ForwardRef(Card))-root-1 WithStyles(ForwardRef(Card))-root-2 MuiPaper-outlined MuiPaper-rounded"
    >
      <p
        class="MuiTypography-root WithStyles(ForwardRef(Typography))-root-3 WithStyles(ForwardRef(Typography))-root-4 MuiTypography-body1"
      >
        <b
          class="title"
        >
          Name
          : 
        </b>
        ahmed
      </p>
      <hr
        class="MuiDivider-root"
      />
      <p
        class="MuiTypography-root WithStyles(ForwardRef(Typography))-root-3 WithStyles(ForwardRef(Typography))-root-5 MuiTypography-body1"
      >
        <b
          class="title"
        >
          Age
          : 
        </b>
        10
      </p>
      <hr
        class="MuiDivider-root"
      />
      <p
        class="MuiTypography-root WithStyles(ForwardRef(Typography))-root-3 WithStyles(ForwardRef(Typography))-root-6 MuiTypography-body1"
      >
        <b
          class="title"
        >
          Phone
          : 
        </b>
        0123456789
      </p>
      <hr
        class="MuiDivider-root"
      />
      <p
        class="MuiTypography-root WithStyles(ForwardRef(Typography))-root-3 WithStyles(ForwardRef(Typography))-root-7 MuiTypography-body1"
      >
        <b
          class="title"
        >
          Address
          : 
        </b>
        
      </p>
      <hr
        class="MuiDivider-root"
      />
      <p
        class="MuiTypography-root WithStyles(ForwardRef(Typography))-root-3 WithStyles(ForwardRef(Typography))-root-8 MuiTypography-body1"
      >
        <b
          class="title"
        >
          HealthInfo
          : 
        </b>
        bla bla bla
      </p>
      <hr
        class="MuiDivider-root"
      />
      <div
        class="MuiCardActions-root MuiCardActions-spacing"
        style="justify-content: flex-end;"
      >
        <button
          aria-label="edit"
          class="MuiButtonBase-root MuiIconButton-root"
          tabindex="0"
          type="button"
        >
          <span
            class="MuiIconButton-label"
          >
            <svg
              aria-hidden="true"
              class="MuiSvgIcon-root"
              focusable="false"
              viewBox="0 0 24 24"
            >
              <path
                d="M3 17.25V21h3.75L17.81 9.94l-3.75-3.75L3 17.25zM20.71 7.04c.39-.39.39-1.02 0-1.41l-2.34-2.34a.9959.9959 0 00-1.41 0l-1.83 1.83 3.75 3.75 1.83-1.83z"
              />
            </svg>
          </span>
          <span
            class="MuiTouchRipple-root"
          />
        </button>
        <button
          aria-label="delete"
          class="MuiButtonBase-root MuiIconButton-root"
          tabindex="0"
          type="button"
        >
          <span
            class="MuiIconButton-label"
          >
            <svg
              aria-hidden="true"
              class="MuiSvgIcon-root MuiSvgIcon-colorError"
              focusable="false"
              viewBox="0 0 24 24"
            >
              <path
                d="M6 19c0 1.1.9 2 2 2h8c1.1 0 2-.9 2-2V7H6v12zM19 4h-3.5l-1-1h-5l-1 1H5v2h14V4z"
              />
            </svg>
          </span>
          <span
            class="MuiTouchRipple-root"
          />
        </button>
      </div>
    </div>
  </form>
</div>
`;
